// Jest Snapshot v1, https://goo.gl/fbAQLP

exports[`should take snapshot 1`] = `
<div
  class="MuiTabs-root"
>
  <div
    class="MuiTabs-scroller MuiTabs-fixed"
    style="overflow: hidden;"
  >
    <div
      aria-label="icon label tabs example"
      class="MuiTabs-flexContainer"
      role="tablist"
    >
      <button
        aria-selected="true"
        class="MuiButtonBase-root MuiTab-root MuiTab-textColorSecondary Mui-selected MuiTab-fullWidth"
        role="button"
        tabindex="0"
        type="button"
      >
        <span
          class="MuiTab-wrapper"
        >
          All Todos
        </span>
        <span
          class="MuiTouchRipple-root"
        />
      </button>
      <button
        aria-selected="false"
        class="MuiButtonBase-root MuiTab-root MuiTab-textColorSecondary MuiTab-fullWidth"
        role="button"
        tabindex="-1"
        type="button"
      >
        <span
          class="MuiTab-wrapper"
        >
          Pending
        </span>
        <span
          class="MuiTouchRipple-root"
        />
      </button>
      <button
        aria-selected="false"
        class="MuiButtonBase-root MuiTab-root MuiTab-textColorSecondary MuiTab-fullWidth"
        role="button"
        tabindex="-1"
        type="button"
      >
        <span
          class="MuiTab-wrapper"
        >
          Completed
        </span>
        <span
          class="MuiTouchRipple-root"
        />
      </button>
    </div>
    <span
      class="PrivateTabIndicator-root-1 PrivateTabIndicator-colorSecondary-3 MuiTabs-indicator"
      style="left: 0px; width: 0px;"
    />
  </div>
</div>
`;
